
[START SESSION 1] 2026-02-07 17:34:02.638831
Keyword: batter
Output CSV: E:\GeM Portal Scraper\data\gem_all_bids_session1.csv
[OK] Subprocess PID: 7480
[INFO] Session 1 running asynchronously

[START SESSION 1] 2026-02-09 10:52:54.152029
Keyword: batter
Output CSV: E:\GeM Portal Scraper\data\gem_all_bids_session1.csv
[OK] Subprocess PID: 21916
[INFO] Session 1 running asynchronously

[START SESSION 1] 2026-02-09 14:56:17.311992
Keyword: batter
Output CSV: E:\GeM Portal Scraper\data\gem_all_bids_session1.csv
[OK] Subprocess PID: 35304
[INFO] Session 1 running asynchronously

[START SESSION 1] 2026-02-10 12:50:40.067628
Keyword: batter
Output CSV: E:\GeM Portal Scraper\data\gem_all_bids_session1.csv
[OK] Subprocess PID: 26472
[INFO] Session 1 running asynchronously

[START SESSION 1] 2026-02-10 18:27:15.248255
Keyword: batter
Output CSV: E:\GeM Portal Scraper\data\gem_all_bids_session1.csv
[OK] Subprocess PID: 15992
[INFO] Session 1 running asynchronously

[START SESSION 1] 2026-02-11 13:30:34.834974
Keyword: batter
Output CSV: E:\GeM Portal Scraper\data\gem_all_bids_session1.csv
[OK] Subprocess PID: 25368
[INFO] Session 1 running asynchronously

[START SESSION 1] 2026-02-11 15:48:24.068518
Keyword: batter
Output CSV: E:\GeM Portal Scraper\data\gem_all_bids_session1.csv
[OK] Subprocess PID: 32632
[INFO] Session 1 running asynchronously

[START SESSION 1] 2026-02-11 18:21:26.321520
Keyword: batter
Output CSV: E:\GeM Portal Scraper\data\gem_all_bids_session1.csv
[OK] Subprocess PID: 3664
[INFO] Session 1 running asynchronously

[START SESSION 1] 2026-02-12 14:09:13.680786
Keyword: batter
Output CSV: E:\GeM Portal Scraper\data\gem_all_bids_session1.csv
[OK] Subprocess PID: 36572
[INFO] Session 1 running asynchronously

[START SESSION 1] 2026-02-12 14:15:06.200115
Keyword: batter
Output CSV: E:\GeM Portal Scraper\data\gem_all_bids_session1.csv
[OK] Subprocess PID: 31888
[INFO] Session 1 running asynchronously

[START SESSION 1] 2026-02-12 14:37:25.420864
Keyword: batter
Output CSV: E:\GeM Portal Scraper\data\gem_all_bids_session1.csv
[OK] Subprocess PID: 32376
[INFO] Session 1 running asynchronously

[START SESSION 1] 2026-02-14 13:01:51.487720
Keyword: batter
Output CSV: E:\GeM Portal Scraper\data\gem_all_bids_session1.csv
[OK] Subprocess PID: 22600
[INFO] Session 1 running asynchronously

[START SESSION 1] 2026-02-14 16:23:12.190361
Keyword: batter
Output CSV: E:\GeM Portal Scraper\data\gem_all_bids_session1.csv
[OK] Subprocess PID: 31056
[INFO] Session 1 running asynchronously

[START SESSION 1] 2026-02-16 11:02:24.965008
Keyword: batter
Output CSV: E:\GeM Portal Scraper\data\gem_all_bids_session1.csv
[OK] Subprocess PID: 43640
[INFO] Session 1 running asynchronously

[START SESSION 1] 2026-02-16 11:20:39.950980
Keyword: batter
Output CSV: E:\GeM Portal Scraper\data\gem_all_bids_session1.csv
[OK] Subprocess PID: 20896
[INFO] Session 1 running asynchronously

[START SESSION 1] 2026-02-16 11:30:27.719796
Keyword: batter
Output CSV: E:\GeM Portal Scraper\data\gem_all_bids_session1.csv
[OK] Subprocess PID: 35860
[INFO] Session 1 running asynchronously

[START SESSION 1] 2026-02-16 11:48:17.902803
Keyword: batter
Output CSV: E:\GeM Portal Scraper\data\gem_all_bids_session1.csv
[OK] Subprocess PID: 45128
[INFO] Session 1 running asynchronously

[START SESSION 1] 2026-02-16 12:19:08.804882
Keyword: batter
Output CSV: E:\GeM Portal Scraper\data\gem_all_bids_session1.csv
[OK] Subprocess PID: 53572
[INFO] Session 1 running asynchronously

[START SESSION 1] 2026-02-16 12:37:51.574259
Keyword: batter
Output CSV: E:\GeM Portal Scraper\data\gem_all_bids_session1.csv
[OK] Subprocess PID: 54268
[INFO] Session 1 running asynchronously

[START SESSION 1] 2026-02-16 13:37:12.513747
Keyword: batter
Output CSV: E:\GeM Portal Scraper\data\gem_all_bids_session1.csv
[OK] Subprocess PID: 58224
[INFO] Session 1 running asynchronously

[START SESSION 1] 2026-02-16 15:33:13.078872
Keyword: batter
Output CSV: E:\GeM Portal Scraper\data\gem_all_bids_session1.csv
[OK] Subprocess PID: 62584
[INFO] Session 1 running asynchronously

[START SESSION 1] 2026-02-16 15:36:06.424783
Keyword: batter
Output CSV: E:\GeM Portal Scraper\data\gem_all_bids_session1.csv
[OK] Subprocess PID: 42852
[INFO] Session 1 running asynchronously

[START SESSION 1] 2026-02-16 15:51:39.705191
Keyword: batter
Output CSV: E:\GeM Portal Scraper\data\gem_all_bids_session1.csv
[OK] Subprocess PID: 65720
[INFO] Session 1 running asynchronously

[START SESSION 1] 2026-02-16 15:56:32.289198
Keyword: batter
Output CSV: E:\GeM Portal Scraper\data\gem_all_bids_session1.csv
[OK] Subprocess PID: 36236
[INFO] Session 1 running asynchronously

[START SESSION 1] 2026-02-16 16:07:01.898623
Keyword: batter
Output CSV: E:\GeM Portal Scraper\data\gem_all_bids_session1.csv
[OK] Subprocess PID: 69860
[INFO] Session 1 running asynchronously

[START SESSION 1] 2026-02-16 16:20:13.038583
Keyword: batter
Output CSV: E:\GeM Portal Scraper\data\gem_all_bids_session1.csv
[OK] Subprocess PID: 70708
[INFO] Session 1 running asynchronously

[START SESSION 1] 2026-02-16 16:31:54.720340
Keyword: batter
Output CSV: E:\GeM Portal Scraper\data\gem_all_bids_session1.csv
[OK] Subprocess PID: 72580
[INFO] Session 1 running asynchronously

[START SESSION 1] 2026-02-16 16:42:14.738053
Keyword: batter
Output CSV: E:\GeM Portal Scraper\data\gem_all_bids_session1.csv
[OK] Subprocess PID: 73212
[INFO] Session 1 running asynchronously

[START SESSION 1] 2026-02-16 16:57:44.278052
Keyword: batter
Output CSV: E:\GeM Portal Scraper\data\gem_all_bids_session1.csv
[OK] Subprocess PID: 76404
[INFO] Session 1 running asynchronously

[START SESSION 1] 2026-02-16 17:03:44.245233
Keyword: batter
Output CSV: E:\GeM Portal Scraper\data\gem_all_bids_session1.csv
[OK] Subprocess PID: 78012
[INFO] Session 1 running asynchronously

[START SESSION 1] 2026-02-16 17:11:23.251610
Keyword: batter
Output CSV: E:\GeM Portal Scraper\data\gem_all_bids_session1.csv
[OK] Subprocess PID: 70244
[INFO] Session 1 running asynchronously

[START SESSION 1] 2026-02-16 17:35:50.409875
Keyword: batter
Output CSV: E:\GeM Portal Scraper\data\gem_all_bids_session1.csv
[OK] Subprocess PID: 77984
[INFO] Session 1 running asynchronously

[START SESSION 1] 2026-02-16 17:54:02.221017
Keyword: batter
Output CSV: E:\GeM Portal Scraper\data\gem_all_bids_session1.csv
[OK] Subprocess PID: 75632
[INFO] Session 1 running asynchronously

[START SESSION 1] 2026-02-16 18:25:36.006319
Keyword: batter
Output CSV: E:\GeM Portal Scraper\data\gem_all_bids_session1.csv
[OK] Subprocess PID: 79696
[INFO] Session 1 running asynchronously

[START SESSION 1] 2026-02-17 10:34:54.621058
Keyword: batter
Output CSV: E:\GeM Portal Scraper\data\gem_all_bids_session1.csv
[OK] Subprocess PID: 84084
[INFO] Session 1 running asynchronously

[START SESSION 1] 2026-02-17 10:51:22.566514
Keyword: batter
Output CSV: E:\GeM Portal Scraper\data\gem_all_bids_session1.csv
[OK] Subprocess PID: 81328
[INFO] Session 1 running asynchronously

[START SESSION 1] 2026-02-17 17:51:30.393615
Keyword: batter
Output CSV: E:\GeM Portal Scraper\data\gem_all_bids_session1.csv
[OK] Subprocess PID: 98156
[INFO] Session 1 running asynchronously

[START SESSION 1] 2026-02-17 18:30:04.681650
Keyword: batter
Output CSV: E:\GeM Portal Scraper\data\gem_all_bids_session1.csv
[OK] Subprocess PID: 5456
[INFO] Session 1 running asynchronously

[START SESSION 1] 2026-02-18 10:39:15.662312
Keyword: batter
Output CSV: E:\GeM Portal Scraper\data\gem_all_bids_session1.csv
[OK] Subprocess PID: 17712
[INFO] Session 1 running asynchronously

[START SESSION 1] 2026-02-18 10:40:30.502045
Keyword: batter
Output CSV: E:\GeM Portal Scraper\data\gem_all_bids_session1.csv
[OK] Subprocess PID: 19504
[INFO] Session 1 running asynchronously

[START SESSION 1] 2026-02-18 10:43:50.993807
Keyword: batter
Output CSV: E:\GeM Portal Scraper\data\gem_all_bids_session1.csv
[OK] Subprocess PID: 18224
[INFO] Session 1 running asynchronously

[START SESSION 1] 2026-02-18 10:47:26.587369
Keyword: batter
Output CSV: E:\GeM Portal Scraper\data\gem_all_bids_session1.csv
[OK] Subprocess PID: 21760
[INFO] Session 1 running asynchronously

[START SESSION 1] 2026-02-18 18:24:07.111906
Keyword: batter
Output CSV: E:\GeM Portal Scraper\data\gem_all_bids_session1.csv
[OK] Subprocess PID: 30392
[INFO] Session 1 running asynchronously

[START SESSION 1] 2026-02-18 18:40:43.628228
Keyword: batter
Output CSV: E:\GeM Portal Scraper\data\gem_all_bids_session1.csv
[OK] Subprocess PID: 35504
[INFO] Session 1 running asynchronously

[START SESSION 1] 2026-02-18 18:50:58.222818
Keyword: batter
Output CSV: E:\GeM Portal Scraper\data\gem_all_bids_session1.csv
[OK] Subprocess PID: 21200
[INFO] Session 1 running asynchronously

[START SESSION 1] 2026-02-19 11:05:21.046457
Keyword: batter
Output CSV: E:\GeM Portal Scraper\data\gem_all_bids_session1.csv
[OK] Subprocess PID: 36340
[INFO] Session 1 running asynchronously

[START SESSION 1] 2026-02-19 17:03:06.848875
Keyword: batter
Output CSV: E:\GeM Portal Scraper\data\gem_all_bids_session1.csv
[OK] Subprocess PID: 52120
[INFO] Session 1 running asynchronously

[START SESSION 1] 2026-02-19 17:13:38.827095
Keyword: batter
Output CSV: E:\GeM Portal Scraper\data\gem_all_bids_session1.csv
[OK] Subprocess PID: 38340
[INFO] Session 1 running asynchronously

[START SESSION 1] 2026-02-19 17:19:45.608129
Keyword: batter
Output CSV: E:\GeM Portal Scraper\data\gem_all_bids_session1.csv
[OK] Subprocess PID: 50712
[INFO] Session 1 running asynchronously

[START SESSION 1] 2026-02-19 17:21:56.020115
Keyword: batter
Output CSV: E:\GeM Portal Scraper\data\gem_all_bids_session1.csv
[OK] Subprocess PID: 50720
[INFO] Session 1 running asynchronously

[START SESSION 1] 2026-02-19 18:16:17.515549
Keyword: batter
Output CSV: E:\GeM Portal Scraper\data\gem_all_bids_session1.csv
[OK] Subprocess PID: 58464
[INFO] Session 1 running asynchronously

[START SESSION 1] 2026-02-19 18:27:20.324618
Keyword: batter
Output CSV: E:\GeM Portal Scraper\data\gem_all_bids_session1.csv
[OK] Subprocess PID: 64808
[INFO] Session 1 running asynchronously

[START SESSION 1] 2026-02-20 12:16:18.432626
Keyword: batter
Output CSV: E:\GeM Portal Scraper\data\gem_all_bids_session1.csv
[OK] Subprocess PID: 67792
[INFO] Session 1 running asynchronously

[START SESSION 1] 2026-02-21 10:54:49.894964
Keyword: batter
Output CSV: E:\GeM Portal Scraper\data\gem_all_bids_session1.csv
[OK] Subprocess PID: 11824
[INFO] Session 1 running asynchronously

[START SESSION 1] 2026-02-21 15:40:00.059881
Keyword: batter
Output CSV: E:\GeM Portal Scraper\data\gem_all_bids_session1.csv
[OK] Subprocess PID: 31020
[INFO] Session 1 running asynchronously

[START SESSION 1] 2026-02-23 13:43:42.060966
Keyword: batter
Output CSV: E:\GeM Portal Scraper\data\gem_all_bids_session1.csv
[OK] Subprocess PID: 33440
[INFO] Session 1 running asynchronously

[START SESSION 1] 2026-02-23 14:02:16.036318
Keyword: batter
Output CSV: E:\GeM Portal Scraper\data\gem_all_bids_session1.csv
[OK] Subprocess PID: 44460
[INFO] Session 1 running asynchronously

[START SESSION 1] 2026-02-23 18:32:43.827756
Keyword: batter
Output CSV: E:\GeM Portal Scraper\data\gem_all_bids_session1.csv
[OK] Subprocess PID: 42572
[INFO] Session 1 running asynchronously

[START SESSION 1] 2026-02-24 13:53:31.158946
Keyword: batter
Output CSV: E:\GeM Portal Scraper\data\gem_all_bids_session1.csv
[OK] Subprocess PID: 60132
[INFO] Session 1 running asynchronously

[START SESSION 1] 2026-02-24 14:02:39.278459
Keyword: batter
Output CSV: E:\GeM Portal Scraper\data\gem_all_bids_session1.csv
[OK] Subprocess PID: 60840
[INFO] Session 1 running asynchronously

[START SESSION 1] 2026-02-25 18:24:47.655997
Keyword: batter
Output CSV: E:\GeM Portal Scraper\data\gem_all_bids_session1.csv
[OK] Subprocess PID: 78172
[INFO] Session 1 running asynchronously

[START SESSION 1] 2026-02-26 10:58:59.864909
Keyword: batter
Output CSV: E:\GeM Portal Scraper\data\gem_all_bids_session1.csv
[OK] Subprocess PID: 74168
[INFO] Session 1 running asynchronously

[START SESSION 1] 2026-02-27 11:56:19.630891
Keyword: batter
Output CSV: E:\GeM Portal Scraper\data\gem_all_bids_session1.csv
[OK] Subprocess PID: 102308
[INFO] Session 1 running asynchronously

[START SESSION 1] 2026-02-27 13:42:43.851749
Keyword: batter
Output CSV: E:\GeM Portal Scraper\data\gem_all_bids_session1.csv
[OK] Subprocess PID: 102736
[INFO] Session 1 running asynchronously

[START SESSION 1] 2026-02-27 13:44:33.766083
Keyword: batter
Output CSV: E:\GeM Portal Scraper\data\gem_all_bids_session1.csv
[OK] Subprocess PID: 107568
[INFO] Session 1 running asynchronously

[START SESSION 1] 2026-02-27 14:08:26.112690
Keyword: batter
Output CSV: E:\GeM Portal Scraper\data\gem_all_bids_session1.csv
[OK] Subprocess PID: 101188
[INFO] Session 1 running asynchronously

[START SESSION 1] 2026-02-27 14:24:44.897960
Keyword: batter
Output CSV: E:\GeM Portal Scraper\data\gem_all_bids_session1.csv
[OK] Subprocess PID: 11488
[INFO] Session 1 running asynchronously

[START SESSION 1] 2026-02-28 12:02:11.825237
Keyword: batter
Output CSV: E:\GeM Portal Scraper\data\gem_all_bids_session1.csv
[OK] Subprocess PID: 19608
[INFO] Session 1 running asynchronously

[START SESSION 1] 2026-02-28 12:09:42.576749
Keyword: batter
Output CSV: E:\GeM Portal Scraper\data\gem_all_bids_session1.csv
[OK] Subprocess PID: 29596
[INFO] Session 1 running asynchronously

[START SESSION 1] 2026-02-28 12:16:26.098841
Keyword: batter
Output CSV: E:\GeM Portal Scraper\data\gem_all_bids_session1.csv
[OK] Subprocess PID: 9944
[INFO] Session 1 running asynchronously

[START SESSION 1] 2026-09-20 21:17:43.313037
Keyword: batter
Output CSV: C:\Users\biswa\Downloads\GeM Portal Scraper-20260920T074128Z-1-001\GeM Portal Scraper\data\gem_all_bids_session1.csv
[OK] Subprocess PID: 30668
[INFO] Session 1 running asynchronously
