
[START SESSION 3] 2026-02-07 17:34:22.644746
Keyword: batter
Output CSV: E:\GeM Portal Scraper\data\gem_all_bids_session3.csv
[OK] Subprocess PID: 22272
[INFO] Session 3 running asynchronously

[START SESSION 3] 2026-02-09 10:53:14.238645
Keyword: batter
Output CSV: E:\GeM Portal Scraper\data\gem_all_bids_session3.csv
[OK] Subprocess PID: 29632
[INFO] Session 3 running asynchronously

[START SESSION 3] 2026-02-09 14:56:37.316700
Keyword: batter
Output CSV: E:\GeM Portal Scraper\data\gem_all_bids_session3.csv
[OK] Subprocess PID: 36564
[INFO] Session 3 running asynchronously

[START SESSION 3] 2026-02-10 12:51:00.260287
Keyword: batter
Output CSV: E:\GeM Portal Scraper\data\gem_all_bids_session3.csv
[OK] Subprocess PID: 43164
[INFO] Session 3 running asynchronously

[START SESSION 3] 2026-02-10 18:27:35.253176
Keyword: batter
Output CSV: E:\GeM Portal Scraper\data\gem_all_bids_session3.csv
[OK] Subprocess PID: 23828
[INFO] Session 3 running asynchronously

[START SESSION 3] 2026-02-11 13:30:54.838772
Keyword: batter
Output CSV: E:\GeM Portal Scraper\data\gem_all_bids_session3.csv
[OK] Subprocess PID: 27996
[INFO] Session 3 running asynchronously

[START SESSION 3] 2026-02-11 15:48:44.074671
Keyword: batter
Output CSV: E:\GeM Portal Scraper\data\gem_all_bids_session3.csv
[OK] Subprocess PID: 25740
[INFO] Session 3 running asynchronously

[START SESSION 3] 2026-02-11 18:21:46.328062
Keyword: batter
Output CSV: E:\GeM Portal Scraper\data\gem_all_bids_session3.csv
[OK] Subprocess PID: 36908
[INFO] Session 3 running asynchronously

[START SESSION 3] 2026-02-12 14:09:33.685102
Keyword: batter
Output CSV: E:\GeM Portal Scraper\data\gem_all_bids_session3.csv
[OK] Subprocess PID: 40128
[INFO] Session 3 running asynchronously

[START SESSION 3] 2026-02-12 14:15:26.206614
Keyword: batter
Output CSV: E:\GeM Portal Scraper\data\gem_all_bids_session3.csv
[OK] Subprocess PID: 40108
[INFO] Session 3 running asynchronously

[START SESSION 3] 2026-02-12 14:37:45.425745
Keyword: batter
Output CSV: E:\GeM Portal Scraper\data\gem_all_bids_session3.csv
[OK] Subprocess PID: 41668
[INFO] Session 3 running asynchronously

[START SESSION 3] 2026-02-14 13:02:11.488132
Keyword: batter
Output CSV: E:\GeM Portal Scraper\data\gem_all_bids_session3.csv
[OK] Subprocess PID: 14736
[INFO] Session 3 running asynchronously

[START SESSION 3] 2026-02-14 16:23:32.195251
Keyword: batter
Output CSV: E:\GeM Portal Scraper\data\gem_all_bids_session3.csv
[OK] Subprocess PID: 20656
[INFO] Session 3 running asynchronously

[START SESSION 3] 2026-02-16 11:02:45.105407
Keyword: batter
Output CSV: E:\GeM Portal Scraper\data\gem_all_bids_session3.csv
[OK] Subprocess PID: 2596
[INFO] Session 3 running asynchronously

[START SESSION 3] 2026-02-16 11:20:59.979430
Keyword: batter
Output CSV: E:\GeM Portal Scraper\data\gem_all_bids_session3.csv
[OK] Subprocess PID: 22268
[INFO] Session 3 running asynchronously

[START SESSION 3] 2026-02-16 11:30:47.725519
Keyword: batter
Output CSV: E:\GeM Portal Scraper\data\gem_all_bids_session3.csv
[OK] Subprocess PID: 42168
[INFO] Session 3 running asynchronously

[START SESSION 3] 2026-02-16 11:48:37.908125
Keyword: batter
Output CSV: E:\GeM Portal Scraper\data\gem_all_bids_session3.csv
[OK] Subprocess PID: 39388
[INFO] Session 3 running asynchronously

[START SESSION 3] 2026-02-16 12:19:29.009248
Keyword: batter
Output CSV: E:\GeM Portal Scraper\data\gem_all_bids_session3.csv
[OK] Subprocess PID: 55000
[INFO] Session 3 running asynchronously

[START SESSION 3] 2026-02-16 12:38:11.577817
Keyword: batter
Output CSV: E:\GeM Portal Scraper\data\gem_all_bids_session3.csv
[OK] Subprocess PID: 52312
[INFO] Session 3 running asynchronously

[START SESSION 3] 2026-02-16 13:37:32.517146
Keyword: batter
Output CSV: E:\GeM Portal Scraper\data\gem_all_bids_session3.csv
[OK] Subprocess PID: 56092
[INFO] Session 3 running asynchronously

[START SESSION 3] 2026-02-16 15:33:33.102773
Keyword: batter
Output CSV: E:\GeM Portal Scraper\data\gem_all_bids_session3.csv
[OK] Subprocess PID: 64588
[INFO] Session 3 running asynchronously

[START SESSION 3] 2026-02-16 15:36:26.428885
Keyword: batter
Output CSV: E:\GeM Portal Scraper\data\gem_all_bids_session3.csv
[OK] Subprocess PID: 63184
[INFO] Session 3 running asynchronously

[START SESSION 3] 2026-02-16 15:51:59.709582
Keyword: batter
Output CSV: E:\GeM Portal Scraper\data\gem_all_bids_session3.csv
[OK] Subprocess PID: 50248
[INFO] Session 3 running asynchronously

[START SESSION 3] 2026-02-16 15:56:52.292740
Keyword: batter
Output CSV: E:\GeM Portal Scraper\data\gem_all_bids_session3.csv
[OK] Subprocess PID: 68320
[INFO] Session 3 running asynchronously

[START SESSION 3] 2026-02-16 16:07:21.901579
Keyword: batter
Output CSV: E:\GeM Portal Scraper\data\gem_all_bids_session3.csv
[OK] Subprocess PID: 66280
[INFO] Session 3 running asynchronously

[START SESSION 3] 2026-02-16 16:20:33.046027
Keyword: batter
Output CSV: E:\GeM Portal Scraper\data\gem_all_bids_session3.csv
[OK] Subprocess PID: 69800
[INFO] Session 3 running asynchronously

[START SESSION 3] 2026-02-16 16:32:14.724939
Keyword: batter
Output CSV: E:\GeM Portal Scraper\data\gem_all_bids_session3.csv
[OK] Subprocess PID: 72108
[INFO] Session 3 running asynchronously

[START SESSION 3] 2026-02-16 16:42:34.744540
Keyword: batter
Output CSV: E:\GeM Portal Scraper\data\gem_all_bids_session3.csv
[OK] Subprocess PID: 66188
[INFO] Session 3 running asynchronously

[START SESSION 3] 2026-02-16 16:58:04.285551
Keyword: batter
Output CSV: E:\GeM Portal Scraper\data\gem_all_bids_session3.csv
[OK] Subprocess PID: 77308
[INFO] Session 3 running asynchronously

[START SESSION 3] 2026-02-16 17:04:04.266371
Keyword: batter
Output CSV: E:\GeM Portal Scraper\data\gem_all_bids_session3.csv
[OK] Subprocess PID: 68212
[INFO] Session 3 running asynchronously

[START SESSION 3] 2026-02-16 17:11:43.255589
Keyword: batter
Output CSV: E:\GeM Portal Scraper\data\gem_all_bids_session3.csv
[OK] Subprocess PID: 65588
[INFO] Session 3 running asynchronously

[START SESSION 3] 2026-02-16 17:36:10.510460
Keyword: batter
Output CSV: E:\GeM Portal Scraper\data\gem_all_bids_session3.csv
[OK] Subprocess PID: 21280
[INFO] Session 3 running asynchronously

[START SESSION 3] 2026-02-16 17:54:22.225027
Keyword: batter
Output CSV: E:\GeM Portal Scraper\data\gem_all_bids_session3.csv
[OK] Subprocess PID: 74288
[INFO] Session 3 running asynchronously

[START SESSION 3] 2026-02-16 18:25:56.048519
Keyword: batter
Output CSV: E:\GeM Portal Scraper\data\gem_all_bids_session3.csv
[OK] Subprocess PID: 80348
[INFO] Session 3 running asynchronously

[START SESSION 3] 2026-02-17 10:35:14.626165
Keyword: batter
Output CSV: E:\GeM Portal Scraper\data\gem_all_bids_session3.csv
[OK] Subprocess PID: 84152
[INFO] Session 3 running asynchronously

[START SESSION 3] 2026-02-17 10:51:42.571541
Keyword: batter
Output CSV: E:\GeM Portal Scraper\data\gem_all_bids_session3.csv
[OK] Subprocess PID: 76764
[INFO] Session 3 running asynchronously

[START SESSION 3] 2026-02-17 17:51:51.113213
Keyword: batter
Output CSV: E:\GeM Portal Scraper\data\gem_all_bids_session3.csv
[OK] Subprocess PID: 93468
[INFO] Session 3 running asynchronously

[START SESSION 3] 2026-02-17 18:30:24.686678
Keyword: batter
Output CSV: E:\GeM Portal Scraper\data\gem_all_bids_session3.csv
[OK] Subprocess PID: 14524
[INFO] Session 3 running asynchronously

[START SESSION 3] 2026-02-18 10:39:35.665101
Keyword: batter
Output CSV: E:\GeM Portal Scraper\data\gem_all_bids_session3.csv
[OK] Subprocess PID: 8608
[INFO] Session 3 running asynchronously

[START SESSION 3] 2026-02-18 10:40:50.505105
Keyword: batter
Output CSV: E:\GeM Portal Scraper\data\gem_all_bids_session3.csv
[OK] Subprocess PID: 16808
[INFO] Session 3 running asynchronously

[START SESSION 3] 2026-02-18 10:44:10.999286
Keyword: batter
Output CSV: E:\GeM Portal Scraper\data\gem_all_bids_session3.csv
[OK] Subprocess PID: 21240
[INFO] Session 3 running asynchronously

[START SESSION 3] 2026-02-18 10:47:46.591122
Keyword: batter
Output CSV: E:\GeM Portal Scraper\data\gem_all_bids_session3.csv
[OK] Subprocess PID: 23168
[INFO] Session 3 running asynchronously

[START SESSION 3] 2026-02-18 18:24:27.118066
Keyword: batter
Output CSV: E:\GeM Portal Scraper\data\gem_all_bids_session3.csv
[OK] Subprocess PID: 35724
[INFO] Session 3 running asynchronously

[START SESSION 3] 2026-02-18 18:41:03.631770
Keyword: batter
Output CSV: E:\GeM Portal Scraper\data\gem_all_bids_session3.csv
[OK] Subprocess PID: 5872
[INFO] Session 3 running asynchronously

[START SESSION 3] 2026-02-18 18:51:18.227030
Keyword: batter
Output CSV: E:\GeM Portal Scraper\data\gem_all_bids_session3.csv
[OK] Subprocess PID: 36104
[INFO] Session 3 running asynchronously

[START SESSION 3] 2026-02-19 11:05:41.052961
Keyword: batter
Output CSV: E:\GeM Portal Scraper\data\gem_all_bids_session3.csv
[OK] Subprocess PID: 38512
[INFO] Session 3 running asynchronously

[START SESSION 3] 2026-02-19 17:03:26.856473
Keyword: batter
Output CSV: E:\GeM Portal Scraper\data\gem_all_bids_session3.csv
[OK] Subprocess PID: 47548
[INFO] Session 3 running asynchronously

[START SESSION 3] 2026-02-19 17:13:58.830680
Keyword: batter
Output CSV: E:\GeM Portal Scraper\data\gem_all_bids_session3.csv
[OK] Subprocess PID: 50440
[INFO] Session 3 running asynchronously

[START SESSION 3] 2026-02-19 17:20:05.614840
Keyword: batter
Output CSV: E:\GeM Portal Scraper\data\gem_all_bids_session3.csv
[OK] Subprocess PID: 57220
[INFO] Session 3 running asynchronously

[START SESSION 3] 2026-02-19 17:22:16.023308
Keyword: batter
Output CSV: E:\GeM Portal Scraper\data\gem_all_bids_session3.csv
[OK] Subprocess PID: 48004
[INFO] Session 3 running asynchronously

[START SESSION 3] 2026-02-19 18:16:37.825275
Keyword: batter
Output CSV: E:\GeM Portal Scraper\data\gem_all_bids_session3.csv
[OK] Subprocess PID: 63056
[INFO] Session 3 running asynchronously

[START SESSION 3] 2026-02-19 18:27:40.337182
Keyword: batter
Output CSV: E:\GeM Portal Scraper\data\gem_all_bids_session3.csv
[OK] Subprocess PID: 65888
[INFO] Session 3 running asynchronously

[START SESSION 3] 2026-02-20 12:16:38.438922
Keyword: batter
Output CSV: E:\GeM Portal Scraper\data\gem_all_bids_session3.csv
[OK] Subprocess PID: 72776
[INFO] Session 3 running asynchronously

[START SESSION 3] 2026-02-21 10:55:09.898752
Keyword: batter
Output CSV: E:\GeM Portal Scraper\data\gem_all_bids_session3.csv
[OK] Subprocess PID: 22272
[INFO] Session 3 running asynchronously

[START SESSION 3] 2026-02-21 15:40:20.065037
Keyword: batter
Output CSV: E:\GeM Portal Scraper\data\gem_all_bids_session3.csv
[OK] Subprocess PID: 32424
[INFO] Session 3 running asynchronously

[START SESSION 3] 2026-02-23 13:44:02.070048
Keyword: batter
Output CSV: E:\GeM Portal Scraper\data\gem_all_bids_session3.csv
[OK] Subprocess PID: 43656
[INFO] Session 3 running asynchronously

[START SESSION 3] 2026-02-23 14:02:36.054669
Keyword: batter
Output CSV: E:\GeM Portal Scraper\data\gem_all_bids_session3.csv
[OK] Subprocess PID: 47152
[INFO] Session 3 running asynchronously

[START SESSION 3] 2026-02-23 18:33:03.832477
Keyword: batter
Output CSV: E:\GeM Portal Scraper\data\gem_all_bids_session3.csv
[OK] Subprocess PID: 40172
[INFO] Session 3 running asynchronously

[START SESSION 3] 2026-02-24 13:53:51.166137
Keyword: batter
Output CSV: E:\GeM Portal Scraper\data\gem_all_bids_session3.csv
[OK] Subprocess PID: 60572
[INFO] Session 3 running asynchronously

[START SESSION 3] 2026-02-24 14:02:59.287047
Keyword: batter
Output CSV: E:\GeM Portal Scraper\data\gem_all_bids_session3.csv
[OK] Subprocess PID: 62788
[INFO] Session 3 running asynchronously

[START SESSION 3] 2026-02-25 18:25:07.660629
Keyword: batter
Output CSV: E:\GeM Portal Scraper\data\gem_all_bids_session3.csv
[OK] Subprocess PID: 80380
[INFO] Session 3 running asynchronously

[START SESSION 3] 2026-02-26 10:59:19.915364
Keyword: batter
Output CSV: E:\GeM Portal Scraper\data\gem_all_bids_session3.csv
[OK] Subprocess PID: 81740
[INFO] Session 3 running asynchronously

[START SESSION 3] 2026-02-27 11:56:39.651116
Keyword: batter
Output CSV: E:\GeM Portal Scraper\data\gem_all_bids_session3.csv
[OK] Subprocess PID: 104896
[INFO] Session 3 running asynchronously

[START SESSION 3] 2026-02-27 13:43:03.904566
Keyword: batter
Output CSV: E:\GeM Portal Scraper\data\gem_all_bids_session3.csv
[OK] Subprocess PID: 105864
[INFO] Session 3 running asynchronously

[START SESSION 3] 2026-02-27 13:44:53.856089
Keyword: batter
Output CSV: E:\GeM Portal Scraper\data\gem_all_bids_session3.csv
[OK] Subprocess PID: 105888
[INFO] Session 3 running asynchronously

[START SESSION 3] 2026-02-27 14:08:46.134833
Keyword: batter
Output CSV: E:\GeM Portal Scraper\data\gem_all_bids_session3.csv
[OK] Subprocess PID: 103268
[INFO] Session 3 running asynchronously

[START SESSION 3] 2026-02-27 14:25:04.903328
Keyword: batter
Output CSV: E:\GeM Portal Scraper\data\gem_all_bids_session3.csv
[OK] Subprocess PID: 8720
[INFO] Session 3 running asynchronously

[START SESSION 3] 2026-02-28 12:02:32.278176
Keyword: batter
Output CSV: E:\GeM Portal Scraper\data\gem_all_bids_session3.csv
[OK] Subprocess PID: 30284
[INFO] Session 3 running asynchronously

[START SESSION 3] 2026-02-28 12:10:02.580391
Keyword: batter
Output CSV: E:\GeM Portal Scraper\data\gem_all_bids_session3.csv
[OK] Subprocess PID: 31428
[INFO] Session 3 running asynchronously

[START SESSION 3] 2026-02-28 12:16:46.102510
Keyword: batter
Output CSV: E:\GeM Portal Scraper\data\gem_all_bids_session3.csv
[OK] Subprocess PID: 11168
[INFO] Session 3 running asynchronously

[START SESSION 3] 2026-09-20 21:18:03.315379
Keyword: batter
Output CSV: C:\Users\biswa\Downloads\GeM Portal Scraper-20260920T074128Z-1-001\GeM Portal Scraper\data\gem_all_bids_session3.csv
[OK] Subprocess PID: 25844
[INFO] Session 3 running asynchronously
