
[START SESSION 2] 2026-02-07 17:34:12.641298
Keyword: batter
Output CSV: E:\GeM Portal Scraper\data\gem_all_bids_session2.csv
[OK] Subprocess PID: 3752
[INFO] Session 2 running asynchronously

[START SESSION 2] 2026-02-09 10:53:04.213055
Keyword: batter
Output CSV: E:\GeM Portal Scraper\data\gem_all_bids_session2.csv
[OK] Subprocess PID: 29080
[INFO] Session 2 running asynchronously

[START SESSION 2] 2026-02-09 14:56:27.314104
Keyword: batter
Output CSV: E:\GeM Portal Scraper\data\gem_all_bids_session2.csv
[OK] Subprocess PID: 24744
[INFO] Session 2 running asynchronously

[START SESSION 2] 2026-02-10 12:50:50.068792
Keyword: batter
Output CSV: E:\GeM Portal Scraper\data\gem_all_bids_session2.csv
[OK] Subprocess PID: 40588
[INFO] Session 2 running asynchronously

[START SESSION 2] 2026-02-10 18:27:25.250687
Keyword: batter
Output CSV: E:\GeM Portal Scraper\data\gem_all_bids_session2.csv
[OK] Subprocess PID: 22784
[INFO] Session 2 running asynchronously

[START SESSION 2] 2026-02-11 13:30:44.836243
Keyword: batter
Output CSV: E:\GeM Portal Scraper\data\gem_all_bids_session2.csv
[OK] Subprocess PID: 15132
[INFO] Session 2 running asynchronously

[START SESSION 2] 2026-02-11 15:48:34.070813
Keyword: batter
Output CSV: E:\GeM Portal Scraper\data\gem_all_bids_session2.csv
[OK] Subprocess PID: 27092
[INFO] Session 2 running asynchronously

[START SESSION 2] 2026-02-11 18:21:36.324213
Keyword: batter
Output CSV: E:\GeM Portal Scraper\data\gem_all_bids_session2.csv
[OK] Subprocess PID: 35972
[INFO] Session 2 running asynchronously

[START SESSION 2] 2026-02-12 14:09:23.682318
Keyword: batter
Output CSV: E:\GeM Portal Scraper\data\gem_all_bids_session2.csv
[OK] Subprocess PID: 36248
[INFO] Session 2 running asynchronously

[START SESSION 2] 2026-02-12 14:15:16.203790
Keyword: batter
Output CSV: E:\GeM Portal Scraper\data\gem_all_bids_session2.csv
[OK] Subprocess PID: 40592
[INFO] Session 2 running asynchronously

[START SESSION 2] 2026-02-12 14:37:35.422875
Keyword: batter
Output CSV: E:\GeM Portal Scraper\data\gem_all_bids_session2.csv
[OK] Subprocess PID: 39540
[INFO] Session 2 running asynchronously

[START SESSION 2] 2026-02-14 13:02:01.482794
Keyword: batter
Output CSV: E:\GeM Portal Scraper\data\gem_all_bids_session2.csv
[OK] Subprocess PID: 25472
[INFO] Session 2 running asynchronously

[START SESSION 2] 2026-02-14 16:23:22.192696
Keyword: batter
Output CSV: E:\GeM Portal Scraper\data\gem_all_bids_session2.csv
[OK] Subprocess PID: 24400
[INFO] Session 2 running asynchronously

[START SESSION 2] 2026-02-16 11:02:34.969769
Keyword: batter
Output CSV: E:\GeM Portal Scraper\data\gem_all_bids_session2.csv
[OK] Subprocess PID: 23588
[INFO] Session 2 running asynchronously

[START SESSION 2] 2026-02-16 11:20:49.954670
Keyword: batter
Output CSV: E:\GeM Portal Scraper\data\gem_all_bids_session2.csv
[OK] Subprocess PID: 22656
[INFO] Session 2 running asynchronously

[START SESSION 2] 2026-02-16 11:30:37.721411
Keyword: batter
Output CSV: E:\GeM Portal Scraper\data\gem_all_bids_session2.csv
[OK] Subprocess PID: 22504
[INFO] Session 2 running asynchronously

[START SESSION 2] 2026-02-16 11:48:27.905872
Keyword: batter
Output CSV: E:\GeM Portal Scraper\data\gem_all_bids_session2.csv
[OK] Subprocess PID: 45196
[INFO] Session 2 running asynchronously

[START SESSION 2] 2026-02-16 12:19:18.807482
Keyword: batter
Output CSV: E:\GeM Portal Scraper\data\gem_all_bids_session2.csv
[OK] Subprocess PID: 43708
[INFO] Session 2 running asynchronously

[START SESSION 2] 2026-02-16 12:38:01.575989
Keyword: batter
Output CSV: E:\GeM Portal Scraper\data\gem_all_bids_session2.csv
[OK] Subprocess PID: 52896
[INFO] Session 2 running asynchronously

[START SESSION 2] 2026-02-16 13:37:22.516074
Keyword: batter
Output CSV: E:\GeM Portal Scraper\data\gem_all_bids_session2.csv
[OK] Subprocess PID: 57008
[INFO] Session 2 running asynchronously

[START SESSION 2] 2026-02-16 15:33:23.101049
Keyword: batter
Output CSV: E:\GeM Portal Scraper\data\gem_all_bids_session2.csv
[OK] Subprocess PID: 59288
[INFO] Session 2 running asynchronously

[START SESSION 2] 2026-02-16 15:36:16.428022
Keyword: batter
Output CSV: E:\GeM Portal Scraper\data\gem_all_bids_session2.csv
[OK] Subprocess PID: 57484
[INFO] Session 2 running asynchronously

[START SESSION 2] 2026-02-16 15:51:49.707403
Keyword: batter
Output CSV: E:\GeM Portal Scraper\data\gem_all_bids_session2.csv
[OK] Subprocess PID: 65680
[INFO] Session 2 running asynchronously

[START SESSION 2] 2026-02-16 15:56:42.290956
Keyword: batter
Output CSV: E:\GeM Portal Scraper\data\gem_all_bids_session2.csv
[OK] Subprocess PID: 66312
[INFO] Session 2 running asynchronously

[START SESSION 2] 2026-02-16 16:07:11.899932
Keyword: batter
Output CSV: E:\GeM Portal Scraper\data\gem_all_bids_session2.csv
[OK] Subprocess PID: 70388
[INFO] Session 2 running asynchronously

[START SESSION 2] 2026-02-16 16:20:23.040267
Keyword: batter
Output CSV: E:\GeM Portal Scraper\data\gem_all_bids_session2.csv
[OK] Subprocess PID: 64488
[INFO] Session 2 running asynchronously

[START SESSION 2] 2026-02-16 16:32:04.722553
Keyword: batter
Output CSV: E:\GeM Portal Scraper\data\gem_all_bids_session2.csv
[OK] Subprocess PID: 64536
[INFO] Session 2 running asynchronously

[START SESSION 2] 2026-02-16 16:42:24.740533
Keyword: batter
Output CSV: E:\GeM Portal Scraper\data\gem_all_bids_session2.csv
[OK] Subprocess PID: 71128
[INFO] Session 2 running asynchronously

[START SESSION 2] 2026-02-16 16:57:54.280665
Keyword: batter
Output CSV: E:\GeM Portal Scraper\data\gem_all_bids_session2.csv
[OK] Subprocess PID: 56240
[INFO] Session 2 running asynchronously

[START SESSION 2] 2026-02-16 17:03:54.247775
Keyword: batter
Output CSV: E:\GeM Portal Scraper\data\gem_all_bids_session2.csv
[OK] Subprocess PID: 71380
[INFO] Session 2 running asynchronously

[START SESSION 2] 2026-02-16 17:11:33.252557
Keyword: batter
Output CSV: E:\GeM Portal Scraper\data\gem_all_bids_session2.csv
[OK] Subprocess PID: 78200
[INFO] Session 2 running asynchronously

[START SESSION 2] 2026-02-16 17:36:00.520439
Keyword: batter
Output CSV: E:\GeM Portal Scraper\data\gem_all_bids_session2.csv
[OK] Subprocess PID: 75972
[INFO] Session 2 running asynchronously

[START SESSION 2] 2026-02-16 17:54:12.222826
Keyword: batter
Output CSV: E:\GeM Portal Scraper\data\gem_all_bids_session2.csv
[OK] Subprocess PID: 36952
[INFO] Session 2 running asynchronously

[START SESSION 2] 2026-02-16 18:25:46.009794
Keyword: batter
Output CSV: E:\GeM Portal Scraper\data\gem_all_bids_session2.csv
[OK] Subprocess PID: 60944
[INFO] Session 2 running asynchronously

[START SESSION 2] 2026-02-17 10:35:04.623135
Keyword: batter
Output CSV: E:\GeM Portal Scraper\data\gem_all_bids_session2.csv
[OK] Subprocess PID: 76304
[INFO] Session 2 running asynchronously

[START SESSION 2] 2026-02-17 10:51:32.570700
Keyword: batter
Output CSV: E:\GeM Portal Scraper\data\gem_all_bids_session2.csv
[OK] Subprocess PID: 53032
[INFO] Session 2 running asynchronously

[START SESSION 2] 2026-02-17 17:51:40.398040
Keyword: batter
Output CSV: E:\GeM Portal Scraper\data\gem_all_bids_session2.csv
[OK] Subprocess PID: 98608
[INFO] Session 2 running asynchronously

[START SESSION 2] 2026-02-17 18:30:14.682668
Keyword: batter
Output CSV: E:\GeM Portal Scraper\data\gem_all_bids_session2.csv
[OK] Subprocess PID: 2932
[INFO] Session 2 running asynchronously

[START SESSION 2] 2026-02-18 10:39:25.663741
Keyword: batter
Output CSV: E:\GeM Portal Scraper\data\gem_all_bids_session2.csv
[OK] Subprocess PID: 8352
[INFO] Session 2 running asynchronously

[START SESSION 2] 2026-02-18 10:40:40.503583
Keyword: batter
Output CSV: E:\GeM Portal Scraper\data\gem_all_bids_session2.csv
[OK] Subprocess PID: 19860
[INFO] Session 2 running asynchronously

[START SESSION 2] 2026-02-18 10:44:00.995452
Keyword: batter
Output CSV: E:\GeM Portal Scraper\data\gem_all_bids_session2.csv
[OK] Subprocess PID: 5788
[INFO] Session 2 running asynchronously

[START SESSION 2] 2026-02-18 10:47:36.589192
Keyword: batter
Output CSV: E:\GeM Portal Scraper\data\gem_all_bids_session2.csv
[OK] Subprocess PID: 5848
[INFO] Session 2 running asynchronously

[START SESSION 2] 2026-02-18 18:24:17.113821
Keyword: batter
Output CSV: E:\GeM Portal Scraper\data\gem_all_bids_session2.csv
[OK] Subprocess PID: 34600
[INFO] Session 2 running asynchronously

[START SESSION 2] 2026-02-18 18:40:53.629843
Keyword: batter
Output CSV: E:\GeM Portal Scraper\data\gem_all_bids_session2.csv
[OK] Subprocess PID: 25812
[INFO] Session 2 running asynchronously

[START SESSION 2] 2026-02-18 18:51:08.225332
Keyword: batter
Output CSV: E:\GeM Portal Scraper\data\gem_all_bids_session2.csv
[OK] Subprocess PID: 21488
[INFO] Session 2 running asynchronously

[START SESSION 2] 2026-02-19 11:05:31.051032
Keyword: batter
Output CSV: E:\GeM Portal Scraper\data\gem_all_bids_session2.csv
[OK] Subprocess PID: 41152
[INFO] Session 2 running asynchronously

[START SESSION 2] 2026-02-19 17:03:16.853749
Keyword: batter
Output CSV: E:\GeM Portal Scraper\data\gem_all_bids_session2.csv
[OK] Subprocess PID: 27856
[INFO] Session 2 running asynchronously

[START SESSION 2] 2026-02-19 17:13:48.828514
Keyword: batter
Output CSV: E:\GeM Portal Scraper\data\gem_all_bids_session2.csv
[OK] Subprocess PID: 53404
[INFO] Session 2 running asynchronously

[START SESSION 2] 2026-02-19 17:19:55.609782
Keyword: batter
Output CSV: E:\GeM Portal Scraper\data\gem_all_bids_session2.csv
[OK] Subprocess PID: 51772
[INFO] Session 2 running asynchronously

[START SESSION 2] 2026-02-19 17:22:06.021559
Keyword: batter
Output CSV: E:\GeM Portal Scraper\data\gem_all_bids_session2.csv
[OK] Subprocess PID: 60104
[INFO] Session 2 running asynchronously

[START SESSION 2] 2026-02-19 18:16:27.523737
Keyword: batter
Output CSV: E:\GeM Portal Scraper\data\gem_all_bids_session2.csv
[OK] Subprocess PID: 51536
[INFO] Session 2 running asynchronously

[START SESSION 2] 2026-02-19 18:27:30.327803
Keyword: batter
Output CSV: E:\GeM Portal Scraper\data\gem_all_bids_session2.csv
[OK] Subprocess PID: 64236
[INFO] Session 2 running asynchronously

[START SESSION 2] 2026-02-20 12:16:28.434345
Keyword: batter
Output CSV: E:\GeM Portal Scraper\data\gem_all_bids_session2.csv
[OK] Subprocess PID: 72024
[INFO] Session 2 running asynchronously

[START SESSION 2] 2026-02-21 10:54:59.896735
Keyword: batter
Output CSV: E:\GeM Portal Scraper\data\gem_all_bids_session2.csv
[OK] Subprocess PID: 20388
[INFO] Session 2 running asynchronously

[START SESSION 2] 2026-02-21 15:40:10.063248
Keyword: batter
Output CSV: E:\GeM Portal Scraper\data\gem_all_bids_session2.csv
[OK] Subprocess PID: 32180
[INFO] Session 2 running asynchronously

[START SESSION 2] 2026-02-23 13:43:52.066863
Keyword: batter
Output CSV: E:\GeM Portal Scraper\data\gem_all_bids_session2.csv
[OK] Subprocess PID: 2932
[INFO] Session 2 running asynchronously

[START SESSION 2] 2026-02-23 14:02:26.038348
Keyword: batter
Output CSV: E:\GeM Portal Scraper\data\gem_all_bids_session2.csv
[OK] Subprocess PID: 19884
[INFO] Session 2 running asynchronously

[START SESSION 2] 2026-02-23 18:32:53.829751
Keyword: batter
Output CSV: E:\GeM Portal Scraper\data\gem_all_bids_session2.csv
[OK] Subprocess PID: 36456
[INFO] Session 2 running asynchronously

[START SESSION 2] 2026-02-24 13:53:41.161301
Keyword: batter
Output CSV: E:\GeM Portal Scraper\data\gem_all_bids_session2.csv
[OK] Subprocess PID: 60252
[INFO] Session 2 running asynchronously

[START SESSION 2] 2026-02-24 14:02:49.280125
Keyword: batter
Output CSV: E:\GeM Portal Scraper\data\gem_all_bids_session2.csv
[OK] Subprocess PID: 63188
[INFO] Session 2 running asynchronously

[START SESSION 2] 2026-02-25 18:24:57.657844
Keyword: batter
Output CSV: E:\GeM Portal Scraper\data\gem_all_bids_session2.csv
[OK] Subprocess PID: 78668
[INFO] Session 2 running asynchronously

[START SESSION 2] 2026-02-26 10:59:09.901241
Keyword: batter
Output CSV: E:\GeM Portal Scraper\data\gem_all_bids_session2.csv
[OK] Subprocess PID: 73604
[INFO] Session 2 running asynchronously

[START SESSION 2] 2026-02-27 11:56:29.634580
Keyword: batter
Output CSV: E:\GeM Portal Scraper\data\gem_all_bids_session2.csv
[OK] Subprocess PID: 104564
[INFO] Session 2 running asynchronously

[START SESSION 2] 2026-02-27 13:42:53.853556
Keyword: batter
Output CSV: E:\GeM Portal Scraper\data\gem_all_bids_session2.csv
[OK] Subprocess PID: 101260
[INFO] Session 2 running asynchronously

[START SESSION 2] 2026-02-27 13:44:43.812353
Keyword: batter
Output CSV: E:\GeM Portal Scraper\data\gem_all_bids_session2.csv
[OK] Subprocess PID: 106216
[INFO] Session 2 running asynchronously

[START SESSION 2] 2026-02-27 14:08:36.129649
Keyword: batter
Output CSV: E:\GeM Portal Scraper\data\gem_all_bids_session2.csv
[OK] Subprocess PID: 92600
[INFO] Session 2 running asynchronously

[START SESSION 2] 2026-02-27 14:24:54.900442
Keyword: batter
Output CSV: E:\GeM Portal Scraper\data\gem_all_bids_session2.csv
[OK] Subprocess PID: 10512
[INFO] Session 2 running asynchronously

[START SESSION 2] 2026-02-28 12:02:22.345870
Keyword: batter
Output CSV: E:\GeM Portal Scraper\data\gem_all_bids_session2.csv
[OK] Subprocess PID: 28788
[INFO] Session 2 running asynchronously

[START SESSION 2] 2026-02-28 12:09:52.578103
Keyword: batter
Output CSV: E:\GeM Portal Scraper\data\gem_all_bids_session2.csv
[OK] Subprocess PID: 8312
[INFO] Session 2 running asynchronously

[START SESSION 2] 2026-02-28 12:16:36.100087
Keyword: batter
Output CSV: E:\GeM Portal Scraper\data\gem_all_bids_session2.csv
[OK] Subprocess PID: 13340
[INFO] Session 2 running asynchronously

[START SESSION 2] 2026-09-20 21:17:53.314578
Keyword: batter
Output CSV: C:\Users\biswa\Downloads\GeM Portal Scraper-20260920T074128Z-1-001\GeM Portal Scraper\data\gem_all_bids_session2.csv
[OK] Subprocess PID: 30624
[INFO] Session 2 running asynchronously
