
[START SESSION 4] 2026-02-07 17:34:33.193717
Keyword: batter
Output CSV: E:\GeM Portal Scraper\data\gem_all_bids_session4.csv
[OK] Subprocess PID: 24380
[INFO] Session 4 running asynchronously

[START SESSION 4] 2026-02-09 10:53:24.249166
Keyword: batter
Output CSV: E:\GeM Portal Scraper\data\gem_all_bids_session4.csv
[OK] Subprocess PID: 30316
[INFO] Session 4 running asynchronously

[START SESSION 4] 2026-02-09 14:56:47.318451
Keyword: batter
Output CSV: E:\GeM Portal Scraper\data\gem_all_bids_session4.csv
[OK] Subprocess PID: 37376
[INFO] Session 4 running asynchronously

[START SESSION 4] 2026-02-10 12:51:10.174536
Keyword: batter
Output CSV: E:\GeM Portal Scraper\data\gem_all_bids_session4.csv
[OK] Subprocess PID: 47060
[INFO] Session 4 running asynchronously

[START SESSION 4] 2026-02-10 18:27:45.253956
Keyword: batter
Output CSV: E:\GeM Portal Scraper\data\gem_all_bids_session4.csv
[OK] Subprocess PID: 14004
[INFO] Session 4 running asynchronously

[START SESSION 4] 2026-02-11 13:31:04.839824
Keyword: batter
Output CSV: E:\GeM Portal Scraper\data\gem_all_bids_session4.csv
[OK] Subprocess PID: 17456
[INFO] Session 4 running asynchronously

[START SESSION 4] 2026-02-11 15:48:54.078027
Keyword: batter
Output CSV: E:\GeM Portal Scraper\data\gem_all_bids_session4.csv
[OK] Subprocess PID: 28636
[INFO] Session 4 running asynchronously

[START SESSION 4] 2026-02-11 18:21:56.330962
Keyword: batter
Output CSV: E:\GeM Portal Scraper\data\gem_all_bids_session4.csv
[OK] Subprocess PID: 32604
[INFO] Session 4 running asynchronously

[START SESSION 4] 2026-02-12 14:09:43.690869
Keyword: batter
Output CSV: E:\GeM Portal Scraper\data\gem_all_bids_session4.csv
[OK] Subprocess PID: 29744
[INFO] Session 4 running asynchronously

[START SESSION 4] 2026-02-12 14:15:36.208778
Keyword: batter
Output CSV: E:\GeM Portal Scraper\data\gem_all_bids_session4.csv
[OK] Subprocess PID: 39500
[INFO] Session 4 running asynchronously

[START SESSION 4] 2026-02-12 14:37:55.427822
Keyword: batter
Output CSV: E:\GeM Portal Scraper\data\gem_all_bids_session4.csv
[OK] Subprocess PID: 2992
[INFO] Session 4 running asynchronously

[START SESSION 4] 2026-02-14 13:02:21.640420
Keyword: batter
Output CSV: E:\GeM Portal Scraper\data\gem_all_bids_session4.csv
[OK] Subprocess PID: 26252
[INFO] Session 4 running asynchronously

[START SESSION 4] 2026-02-14 16:23:42.198266
Keyword: batter
Output CSV: E:\GeM Portal Scraper\data\gem_all_bids_session4.csv
[OK] Subprocess PID: 968
[INFO] Session 4 running asynchronously

[START SESSION 4] 2026-02-16 11:02:55.140102
Keyword: batter
Output CSV: E:\GeM Portal Scraper\data\gem_all_bids_session4.csv
[OK] Subprocess PID: 36740
[INFO] Session 4 running asynchronously

[START SESSION 4] 2026-02-16 11:21:09.988155
Keyword: batter
Output CSV: E:\GeM Portal Scraper\data\gem_all_bids_session4.csv
[OK] Subprocess PID: 41192
[INFO] Session 4 running asynchronously

[START SESSION 4] 2026-02-16 11:30:57.773497
Keyword: batter
Output CSV: E:\GeM Portal Scraper\data\gem_all_bids_session4.csv
[OK] Subprocess PID: 43728
[INFO] Session 4 running asynchronously

[START SESSION 4] 2026-02-16 11:48:47.911575
Keyword: batter
Output CSV: E:\GeM Portal Scraper\data\gem_all_bids_session4.csv
[OK] Subprocess PID: 46764
[INFO] Session 4 running asynchronously

[START SESSION 4] 2026-02-16 12:19:38.966905
Keyword: batter
Output CSV: E:\GeM Portal Scraper\data\gem_all_bids_session4.csv
[OK] Subprocess PID: 36160
[INFO] Session 4 running asynchronously

[START SESSION 4] 2026-02-16 12:38:21.617136
Keyword: batter
Output CSV: E:\GeM Portal Scraper\data\gem_all_bids_session4.csv
[OK] Subprocess PID: 46616
[INFO] Session 4 running asynchronously

[START SESSION 4] 2026-02-16 13:37:42.520052
Keyword: batter
Output CSV: E:\GeM Portal Scraper\data\gem_all_bids_session4.csv
[OK] Subprocess PID: 60092
[INFO] Session 4 running asynchronously

[START SESSION 4] 2026-02-16 15:33:43.113963
Keyword: batter
Output CSV: E:\GeM Portal Scraper\data\gem_all_bids_session4.csv
[OK] Subprocess PID: 54912
[INFO] Session 4 running asynchronously

[START SESSION 4] 2026-02-16 15:36:36.437286
Keyword: batter
Output CSV: E:\GeM Portal Scraper\data\gem_all_bids_session4.csv
[OK] Subprocess PID: 65192
[INFO] Session 4 running asynchronously

[START SESSION 4] 2026-02-16 15:52:09.735210
Keyword: batter
Output CSV: E:\GeM Portal Scraper\data\gem_all_bids_session4.csv
[OK] Subprocess PID: 67608
[INFO] Session 4 running asynchronously

[START SESSION 4] 2026-02-16 15:57:02.308026
Keyword: batter
Output CSV: E:\GeM Portal Scraper\data\gem_all_bids_session4.csv
[OK] Subprocess PID: 60368
[INFO] Session 4 running asynchronously

[START SESSION 4] 2026-02-16 16:07:31.904430
Keyword: batter
Output CSV: E:\GeM Portal Scraper\data\gem_all_bids_session4.csv
[OK] Subprocess PID: 68936
[INFO] Session 4 running asynchronously

[START SESSION 4] 2026-02-16 16:20:43.048153
Keyword: batter
Output CSV: E:\GeM Portal Scraper\data\gem_all_bids_session4.csv
[OK] Subprocess PID: 71548
[INFO] Session 4 running asynchronously

[START SESSION 4] 2026-02-16 16:32:24.742673
Keyword: batter
Output CSV: E:\GeM Portal Scraper\data\gem_all_bids_session4.csv
[OK] Subprocess PID: 65324
[INFO] Session 4 running asynchronously

[START SESSION 4] 2026-02-16 16:42:44.793617
Keyword: batter
Output CSV: E:\GeM Portal Scraper\data\gem_all_bids_session4.csv
[OK] Subprocess PID: 67964
[INFO] Session 4 running asynchronously

[START SESSION 4] 2026-02-16 16:58:14.529431
Keyword: batter
Output CSV: E:\GeM Portal Scraper\data\gem_all_bids_session4.csv
[OK] Subprocess PID: 74992
[INFO] Session 4 running asynchronously

[START SESSION 4] 2026-02-16 17:04:14.272977
Keyword: batter
Output CSV: E:\GeM Portal Scraper\data\gem_all_bids_session4.csv
[OK] Subprocess PID: 64028
[INFO] Session 4 running asynchronously

[START SESSION 4] 2026-02-16 17:11:53.295131
Keyword: batter
Output CSV: E:\GeM Portal Scraper\data\gem_all_bids_session4.csv
[OK] Subprocess PID: 76228
[INFO] Session 4 running asynchronously

[START SESSION 4] 2026-02-16 17:36:20.536794
Keyword: batter
Output CSV: E:\GeM Portal Scraper\data\gem_all_bids_session4.csv
[OK] Subprocess PID: 79172
[INFO] Session 4 running asynchronously

[START SESSION 4] 2026-02-16 17:54:32.227955
Keyword: batter
Output CSV: E:\GeM Portal Scraper\data\gem_all_bids_session4.csv
[OK] Subprocess PID: 77516
[INFO] Session 4 running asynchronously

[START SESSION 4] 2026-02-16 18:26:06.067573
Keyword: batter
Output CSV: E:\GeM Portal Scraper\data\gem_all_bids_session4.csv
[OK] Subprocess PID: 83244
[INFO] Session 4 running asynchronously

[START SESSION 4] 2026-02-17 10:35:24.671756
Keyword: batter
Output CSV: E:\GeM Portal Scraper\data\gem_all_bids_session4.csv
[OK] Subprocess PID: 85320
[INFO] Session 4 running asynchronously

[START SESSION 4] 2026-02-17 10:51:52.584891
Keyword: batter
Output CSV: E:\GeM Portal Scraper\data\gem_all_bids_session4.csv
[OK] Subprocess PID: 61036
[INFO] Session 4 running asynchronously

[START SESSION 4] 2026-02-17 17:52:01.042965
Keyword: batter
Output CSV: E:\GeM Portal Scraper\data\gem_all_bids_session4.csv
[OK] Subprocess PID: 95260
[INFO] Session 4 running asynchronously

[START SESSION 4] 2026-02-17 18:30:34.686939
Keyword: batter
Output CSV: E:\GeM Portal Scraper\data\gem_all_bids_session4.csv
[OK] Subprocess PID: 16340
[INFO] Session 4 running asynchronously

[START SESSION 4] 2026-02-18 10:39:45.666551
Keyword: batter
Output CSV: E:\GeM Portal Scraper\data\gem_all_bids_session4.csv
[OK] Subprocess PID: 16676
[INFO] Session 4 running asynchronously

[START SESSION 4] 2026-02-18 10:41:00.506387
Keyword: batter
Output CSV: E:\GeM Portal Scraper\data\gem_all_bids_session4.csv
[OK] Subprocess PID: 16080
[INFO] Session 4 running asynchronously

[START SESSION 4] 2026-02-18 10:44:21.000794
Keyword: batter
Output CSV: E:\GeM Portal Scraper\data\gem_all_bids_session4.csv
[OK] Subprocess PID: 15728
[INFO] Session 4 running asynchronously

[START SESSION 4] 2026-02-18 10:47:56.592810
Keyword: batter
Output CSV: E:\GeM Portal Scraper\data\gem_all_bids_session4.csv
[OK] Subprocess PID: 23948
[INFO] Session 4 running asynchronously

[START SESSION 4] 2026-02-18 18:24:37.120927
Keyword: batter
Output CSV: E:\GeM Portal Scraper\data\gem_all_bids_session4.csv
[OK] Subprocess PID: 36312
[INFO] Session 4 running asynchronously

[START SESSION 4] 2026-02-18 18:41:13.633971
Keyword: batter
Output CSV: E:\GeM Portal Scraper\data\gem_all_bids_session4.csv
[OK] Subprocess PID: 37404
[INFO] Session 4 running asynchronously

[START SESSION 4] 2026-02-18 18:51:28.228258
Keyword: batter
Output CSV: E:\GeM Portal Scraper\data\gem_all_bids_session4.csv
[OK] Subprocess PID: 30048
[INFO] Session 4 running asynchronously

[START SESSION 4] 2026-02-19 11:05:51.056945
Keyword: batter
Output CSV: E:\GeM Portal Scraper\data\gem_all_bids_session4.csv
[OK] Subprocess PID: 13260
[INFO] Session 4 running asynchronously

[START SESSION 4] 2026-02-19 17:03:36.866334
Keyword: batter
Output CSV: E:\GeM Portal Scraper\data\gem_all_bids_session4.csv
[OK] Subprocess PID: 50636
[INFO] Session 4 running asynchronously

[START SESSION 4] 2026-02-19 17:14:08.832639
Keyword: batter
Output CSV: E:\GeM Portal Scraper\data\gem_all_bids_session4.csv
[OK] Subprocess PID: 8392
[INFO] Session 4 running asynchronously

[START SESSION 4] 2026-02-19 17:20:15.850434
Keyword: batter
Output CSV: E:\GeM Portal Scraper\data\gem_all_bids_session4.csv
[OK] Subprocess PID: 58924
[INFO] Session 4 running asynchronously

[START SESSION 4] 2026-02-19 17:22:26.025849
Keyword: batter
Output CSV: E:\GeM Portal Scraper\data\gem_all_bids_session4.csv
[OK] Subprocess PID: 60020
[INFO] Session 4 running asynchronously

[START SESSION 4] 2026-02-19 18:16:47.830416
Keyword: batter
Output CSV: E:\GeM Portal Scraper\data\gem_all_bids_session4.csv
[OK] Subprocess PID: 63164
[INFO] Session 4 running asynchronously

[START SESSION 4] 2026-02-19 18:27:50.340696
Keyword: batter
Output CSV: E:\GeM Portal Scraper\data\gem_all_bids_session4.csv
[OK] Subprocess PID: 65044
[INFO] Session 4 running asynchronously

[START SESSION 4] 2026-02-20 12:16:48.445815
Keyword: batter
Output CSV: E:\GeM Portal Scraper\data\gem_all_bids_session4.csv
[OK] Subprocess PID: 71260
[INFO] Session 4 running asynchronously

[START SESSION 4] 2026-02-21 10:55:19.900514
Keyword: batter
Output CSV: E:\GeM Portal Scraper\data\gem_all_bids_session4.csv
[OK] Subprocess PID: 22784
[INFO] Session 4 running asynchronously

[START SESSION 4] 2026-02-21 15:40:30.066747
Keyword: batter
Output CSV: E:\GeM Portal Scraper\data\gem_all_bids_session4.csv
[OK] Subprocess PID: 33320
[INFO] Session 4 running asynchronously

[START SESSION 4] 2026-02-23 13:44:12.079875
Keyword: batter
Output CSV: E:\GeM Portal Scraper\data\gem_all_bids_session4.csv
[OK] Subprocess PID: 44092
[INFO] Session 4 running asynchronously

[START SESSION 4] 2026-02-23 14:02:46.071312
Keyword: batter
Output CSV: E:\GeM Portal Scraper\data\gem_all_bids_session4.csv
[OK] Subprocess PID: 43800
[INFO] Session 4 running asynchronously

[START SESSION 4] 2026-02-23 18:33:13.833991
Keyword: batter
Output CSV: E:\GeM Portal Scraper\data\gem_all_bids_session4.csv
[OK] Subprocess PID: 52524
[INFO] Session 4 running asynchronously

[START SESSION 4] 2026-02-24 13:54:01.167893
Keyword: batter
Output CSV: E:\GeM Portal Scraper\data\gem_all_bids_session4.csv
[OK] Subprocess PID: 61584
[INFO] Session 4 running asynchronously

[START SESSION 4] 2026-02-24 14:03:09.292893
Keyword: batter
Output CSV: E:\GeM Portal Scraper\data\gem_all_bids_session4.csv
[OK] Subprocess PID: 63936
[INFO] Session 4 running asynchronously

[START SESSION 4] 2026-02-25 18:25:17.663754
Keyword: batter
Output CSV: E:\GeM Portal Scraper\data\gem_all_bids_session4.csv
[OK] Subprocess PID: 81032
[INFO] Session 4 running asynchronously

[START SESSION 4] 2026-02-26 10:59:29.926303
Keyword: batter
Output CSV: E:\GeM Portal Scraper\data\gem_all_bids_session4.csv
[OK] Subprocess PID: 80416
[INFO] Session 4 running asynchronously

[START SESSION 4] 2026-02-27 11:56:49.683808
Keyword: batter
Output CSV: E:\GeM Portal Scraper\data\gem_all_bids_session4.csv
[OK] Subprocess PID: 105256
[INFO] Session 4 running asynchronously

[START SESSION 4] 2026-02-27 13:43:13.952996
Keyword: batter
Output CSV: E:\GeM Portal Scraper\data\gem_all_bids_session4.csv
[OK] Subprocess PID: 106348
[INFO] Session 4 running asynchronously

[START SESSION 4] 2026-02-27 13:45:03.905845
Keyword: batter
Output CSV: E:\GeM Portal Scraper\data\gem_all_bids_session4.csv
[OK] Subprocess PID: 106288
[INFO] Session 4 running asynchronously

[START SESSION 4] 2026-02-27 14:08:56.213499
Keyword: batter
Output CSV: E:\GeM Portal Scraper\data\gem_all_bids_session4.csv
[OK] Subprocess PID: 104672
[INFO] Session 4 running asynchronously

[START SESSION 4] 2026-02-27 14:25:14.908118
Keyword: batter
Output CSV: E:\GeM Portal Scraper\data\gem_all_bids_session4.csv
[OK] Subprocess PID: 15272
[INFO] Session 4 running asynchronously

[START SESSION 4] 2026-02-28 12:02:42.282205
Keyword: batter
Output CSV: E:\GeM Portal Scraper\data\gem_all_bids_session4.csv
[OK] Subprocess PID: 31088
[INFO] Session 4 running asynchronously

[START SESSION 4] 2026-02-28 12:10:12.581903
Keyword: batter
Output CSV: E:\GeM Portal Scraper\data\gem_all_bids_session4.csv
[OK] Subprocess PID: 30944
[INFO] Session 4 running asynchronously

[START SESSION 4] 2026-02-28 12:16:56.104268
Keyword: batter
Output CSV: E:\GeM Portal Scraper\data\gem_all_bids_session4.csv
[OK] Subprocess PID: 9124
[INFO] Session 4 running asynchronously

[START SESSION 4] 2026-09-20 21:18:13.316753
Keyword: batter
Output CSV: C:\Users\biswa\Downloads\GeM Portal Scraper-20260920T074128Z-1-001\GeM Portal Scraper\data\gem_all_bids_session4.csv
[OK] Subprocess PID: 31456
[INFO] Session 4 running asynchronously
